// Jest Snapshot v1, https://goo.gl/fbAQLP

exports[`Navigation renders correctly 1`] = `
<ul
  className="sc-bdnxRM gAuIVV"
>
  <li
    className="sc-gtsrHT bEQcMT"
    selected={false}
  >
     
    <a
      href="https://albertcahyawan.com/"
    >
      Home
    </a>
     
  </li>
  <li
    className="sc-gtsrHT eMcDLI"
    selected={true}
  >
    <a
      aria-hidden="true"
      data-testid="blog-title"
      href="/"
      onClick={[Function]}
    >
      Blog
    </a>
  </li>
  <div
    className="sc-dlnjwi fGwqfx"
  >
    <ul
      className="sc-hKFxyN laOluZ"
    >
      <li>
        <a
          href="/articles/0"
        >
           
          Hello, World!
        </a>
      </li>
    </ul>
  </div>
</ul>
`;
